// Jest Snapshot v1, https://goo.gl/fbAQLP

exports[`matches snapshot 1`] = `
<button
  className="sc-bdVaJa gakZlE"
  fontSize={0}
  onClick={[Function]}
>
  Call to action
</button>
`;
